0.6863105893135071,0.7168007493019104,0.7767887711524963,0.782347559928894,0.7802921533584595,0.7969802618026733,0.8251434564590454,0.7326656579971313,0.8221809267997742,0.674020528793335,0.7562005519866943,0.8078093528747559,0.8475478887557983,0.7023165225982666,0.8838370442390442,0.7262088656425476,0.7948866486549377,0.786726176738739,0.8298696875572205,0.7519670128822327,0.8227907419204712,0.8322824239730835,0.7491831183433533,0.7728063464164734,0.6638262271881104,0.8772316575050354,0.8061243295669556,0.8492595553398132,0.7124266028404236,0.8796356320381165,0.7284631133079529,0.8248245120048523,0.647416889667511,0.8546591997146606,0.7284308671951294,0.7908463478088379,0.6895138025283813,0.8398087024688721,0.9046885967254639,0.8179579973220825,0.8399499654769897,0.7969730496406555,0.7991577982902527,0.8023878335952759,0.7974434494972229,0.8000786304473877,0.7669394016265869,0.7602198719978333,0.7699927687644958,0.7214381694793701,0.5471765398979187,0.6835082769393921,0.7422856092453003,0.4815400242805481,0.4795556664466858,0.5500966906547546,0.7067310214042664,0.7305591106414795,0.7209200263023376,0.8169922828674316,0.8543954491615295,0.7092211246490479,0.5030011534690857,0.5220569372177124,0.584494411945343,0.9448357224464417,0.8129383325576782,0.6428253054618835,0.6443001627922058,0.6089359521865845,0.5241487622261047,0.5410251617431641,0.640489935874939,0.5776478052139282,0.8708173632621765,0.6287091374397278,0.582135796546936,0.6126245260238647,0.8003415465354919,0.6005178093910217,0.663491427898407,0.7218927145004272,0.8740030527114868,0.8623185753822327,0.6522297859191895,0.5802081823348999,0.5168620347976685,0.5254548192024231,0.5728529095649719,0.561556339263916,0.7563651204109192,0.6256272196769714,0.6149708032608032,0.5491167306900024,0.5759201645851135,0.6963032484054565,1.0893456935882568,0.830482006072998,0.765947699546814,0.6926294565200806
